--- Email Diagnostic Test ---
Using Email: siddharth.hm2@gmail.com
Using From: JVIT Library Management <siddharth.hm2@gmail.com>
Attempting to send test email...
Γ£à Success! Test email sent specifically to siddharth.hm2@gmail.com
node : Email sending 
failed: Invalid 
login: 535-5.7.8 
Username and Password 
not accepted. For 
more information, go 
to
At line:1 char:1
+ node test-email.js 
> test-results.txt 
2>&1
+ ~~~~~~~~~~~~~~~~~~~~
~~~~~~~~~~~~~~~~~~~~~~
    + CategoryInfo    
          : 
NotSpecified    : 
(Email sending f.    
..ormation, go to:S   
 tring) [], RemoteEx  
  ception
    + 
FullyQualifiedErr    
orId : NativeComman   
 dError
 
535 5.7.8  https://sup
port.google.com/mail/?
p=BadCredentials d2e1a
72fcca58-826dd86c494sm
4805667b3a.30 - gsmtp
